275 jobs
[1/275] cost/TLA-SWAN__0__s1.json 37s (elapsed 37s)
[2/275] cost/TLA-SWAN__0__s2.json 38s (elapsed 38s)
[3/275] cost/TLA-SWAN__0__s0.json 38s (elapsed 38s)
[4/275] cost/TLA-SWAN__0__s3.json 38s (elapsed 38s)
[5/275] cost/TLA-SWAN__0.003__s1.json 37s (elapsed 75s)
[6/275] cost/TLA-SWAN__0.003__s3.json 37s (elapsed 75s)
[7/275] cost/TLA-SWAN__0.003__s0.json 39s (elapsed 76s)
[8/275] cost/TLA-SWAN__0.003__s2.json 38s (elapsed 76s)
[9/275] cost/TLA-SWAN__0.01__s0.json 38s (elapsed 113s)
[10/275] cost/TLA-SWAN__0.01__s1.json 39s (elapsed 114s)
[11/275] cost/TLA-SWAN__0.01__s3.json 39s (elapsed 115s)
[12/275] cost/TLA-SWAN__0.01__s2.json 40s (elapsed 116s)
[13/275] cost/TLA-SWAN__0.03__s0.json 39s (elapsed 152s)
[14/275] cost/TLA-SWAN__0.03__s1.json 39s (elapsed 153s)
[15/275] cost/TLA-SWAN__0.03__s2.json 39s (elapsed 154s)
[16/275] cost/TLA-SWAN__0.03__s3.json 39s (elapsed 155s)
[17/275] cost/TLA-SWAN__0.1__s0.json 40s (elapsed 192s)
[18/275] cost/TLA-SWAN__0.1__s1.json 40s (elapsed 194s)
[19/275] cost/TLA-SWAN__0.1__s2.json 40s (elapsed 194s)
[20/275] cost/TLA-SWAN__0.1__s3.json 39s (elapsed 194s)
[21/275] cost/TLA-SWAN__0.3__s0.json 39s (elapsed 230s)
[22/275] cost/TLA-SWAN__0.3__s1.json 39s (elapsed 233s)
[23/275] cost/TLA-SWAN__0.3__s3.json 39s (elapsed 233s)
[24/275] cost/TLA-SWAN__0.3__s2.json 40s (elapsed 233s)
[25/275] cost/TLA-SWAN__1__s0.json 39s (elapsed 270s)
[26/275] cost/TLA-SWAN__1__s3.json 39s (elapsed 272s)
[27/275] cost/TLA-SWAN__1__s1.json 40s (elapsed 272s)
[28/275] cost/TLA-SWAN__1__s2.json 40s (elapsed 273s)
[29/275] cost2/SWAN-MW__0__s0.json 38s (elapsed 307s)
[30/275] cost2/SWAN-MW__0__s1.json 37s (elapsed 309s)
[31/275] cost2/SWAN-MW__0__s2.json 37s (elapsed 309s)
[32/275] cost2/SWAN-MW__0__s3.json 38s (elapsed 310s)
[33/275] cost2/SWAN-MW__1__s0.json 37s (elapsed 345s)
[34/275] cost2/SWAN-MW__1__s1.json 38s (elapsed 347s)
[35/275] cost2/SWAN-MW__1__s2.json 38s (elapsed 347s)
[36/275] cost2/SWAN-MW__1__s3.json 37s (elapsed 347s)
[37/275] cost2/SWAN-MW__3__s0.json 39s (elapsed 384s)
[38/275] cost2/SWAN-MW__3__s1.json 38s (elapsed 384s)
[39/275] cost2/SWAN-MW__3__s2.json 38s (elapsed 385s)
[40/275] cost2/SWAN-MW__3__s3.json 38s (elapsed 386s)
[41/275] cost2/SWAN-MW__10__s0.json 39s (elapsed 423s)
[42/275] cost2/SWAN-MW__10__s1.json 38s (elapsed 423s)
[43/275] cost2/SWAN-MW__10__s2.json 39s (elapsed 424s)
[44/275] cost2/SWAN-MW__10__s3.json 39s (elapsed 424s)
[45/275] cost2/SWAN-MW__30__s0.json 39s (elapsed 462s)
[46/275] cost2/SWAN-MW__30__s1.json 39s (elapsed 462s)
[47/275] cost2/SWAN-MW__30__s2.json 39s (elapsed 463s)
[48/275] cost2/SWAN-MW__30__s3.json 40s (elapsed 464s)
[49/275] cost2/SWAN-MW__100__s0.json 39s (elapsed 501s)
[50/275] cost2/SWAN-MW__100__s1.json 41s (elapsed 503s)
[51/275] cost2/SWAN-MW__100__s2.json 40s (elapsed 503s)
[52/275] cost2/SWAN-MW__100__s3.json 39s (elapsed 504s)
[53/275] cost2/SWAN-RATEMAX__0__s0.json 37s (elapsed 538s)
[54/275] cost2/SWAN-RATEMAX__0__s1.json 37s (elapsed 540s)
[55/275] cost2/SWAN-RATEMAX__0__s2.json 37s (elapsed 540s)
[56/275] cost2/SWAN-RATEMAX__0__s3.json 37s (elapsed 541s)
[57/275] cost2/SWAN-RATEMAX__1__s0.json 37s (elapsed 575s)
[58/275] cost2/SWAN-RATEMAX__1__s3.json 36s (elapsed 576s)
[59/275] cost2/SWAN-RATEMAX__1__s1.json 37s (elapsed 576s)
[60/275] cost2/SWAN-RATEMAX__1__s2.json 37s (elapsed 577s)
[61/275] cost2/SWAN-RATEMAX__3__s0.json 37s (elapsed 612s)
[62/275] cost2/SWAN-RATEMAX__3__s1.json 36s (elapsed 612s)
[63/275] cost2/SWAN-RATEMAX__3__s2.json 36s (elapsed 612s)
[64/275] cost2/SWAN-RATEMAX__3__s3.json 37s (elapsed 613s)
[65/275] cost2/SWAN-RATEMAX__10__s1.json 37s (elapsed 650s)
[66/275] cost2/SWAN-RATEMAX__10__s0.json 38s (elapsed 650s)
[67/275] cost2/SWAN-RATEMAX__10__s2.json 38s (elapsed 650s)
[68/275] cost2/SWAN-RATEMAX__10__s3.json 38s (elapsed 651s)
[69/275] cost2/SWAN-RATEMAX__30__s0.json 39s (elapsed 688s)
[70/275] cost2/SWAN-RATEMAX__30__s1.json 39s (elapsed 689s)
[71/275] cost2/SWAN-RATEMAX__30__s3.json 39s (elapsed 690s)
[72/275] cost2/SWAN-RATEMAX__30__s2.json 40s (elapsed 690s)
[73/275] cost2/SWAN-RATEMAX__100__s0.json 39s (elapsed 728s)
[74/275] cost2/SWAN-RATEMAX__100__s1.json 40s (elapsed 729s)
[75/275] cost2/SWAN-RATEMAX__100__s2.json 40s (elapsed 730s)
[76/275] cost2/SWAN-RATEMAX__100__s3.json 40s (elapsed 731s)
[77/275] energy2/SWAN-MW__10__s0.json 31s (elapsed 759s)
[78/275] energy2/SWAN-MW__10__s1.json 31s (elapsed 760s)
[79/275] energy2/SWAN-MW__10__s2.json 30s (elapsed 760s)
[80/275] energy2/SWAN-MW__10__s3.json 30s (elapsed 761s)
[81/275] energy2/SWAN-MW__30__s0.json 30s (elapsed 789s)
[82/275] energy2/SWAN-MW__30__s1.json 30s (elapsed 790s)
[83/275] energy2/SWAN-MW__30__s2.json 30s (elapsed 790s)
[84/275] energy2/SWAN-MW__30__s3.json 30s (elapsed 791s)
[85/275] energy2/SWAN-MW__100__s1.json 32s (elapsed 821s)
[86/275] energy2/SWAN-MW__100__s0.json 33s (elapsed 822s)
[87/275] energy2/SWAN-MW__100__s2.json 32s (elapsed 822s)
[88/275] energy2/SWAN-MW__100__s3.json 32s (elapsed 823s)
[89/275] energy2/SWAN-MW__300__s0.json 33s (elapsed 854s)
[90/275] energy2/SWAN-MW__300__s2.json 33s (elapsed 855s)
[91/275] energy2/SWAN-MW__300__s1.json 33s (elapsed 855s)
[92/275] energy2/SWAN-MW__300__s3.json 33s (elapsed 856s)
[93/275] energy2/SWAN-RATEMAX__10__s0.json 30s (elapsed 884s)
[94/275] energy2/SWAN-RATEMAX__10__s2.json 30s (elapsed 885s)
[95/275] energy2/SWAN-RATEMAX__10__s3.json 30s (elapsed 885s)
[96/275] energy2/SWAN-RATEMAX__10__s1.json 31s (elapsed 885s)
[97/275] energy2/SWAN-RATEMAX__30__s0.json 32s (elapsed 916s)
[98/275] energy2/SWAN-RATEMAX__30__s3.json 32s (elapsed 918s)
[99/275] energy2/SWAN-RATEMAX__30__s1.json 33s (elapsed 918s)
[100/275] energy2/SWAN-RATEMAX__30__s2.json 32s (elapsed 918s)
[101/275] energy2/SWAN-RATEMAX__100__s0.json 32s (elapsed 948s)
[102/275] energy2/SWAN-RATEMAX__100__s2.json 31s (elapsed 949s)
[103/275] energy2/SWAN-RATEMAX__100__s1.json 32s (elapsed 950s)
[104/275] energy2/SWAN-RATEMAX__100__s3.json 32s (elapsed 950s)
[105/275] energy2/SWAN-RATEMAX__300__s0.json 31s (elapsed 979s)
[106/275] energy2/SWAN-RATEMAX__300__s1.json 33s (elapsed 982s)
[107/275] energy2/SWAN-RATEMAX__300__s2.json 32s (elapsed 982s)
[108/275] energy2/SWAN-RATEMAX__300__s3.json 32s (elapsed 982s)
[109/275] sharp/TLA-SWAN__0.25__s0.json 29s (elapsed 1009s)
[110/275] sharp/TLA-SWAN__0.25__s1.json 29s (elapsed 1010s)
[111/275] sharp/TLA-SWAN__0.25__s2.json 29s (elapsed 1011s)
[112/275] sharp/TLA-SWAN__0.5__s0.json 29s (elapsed 1011s)
[113/275] sharp/TLA-SWAN__0.5__s1.json 28s (elapsed 1037s)
[114/275] sharp/TLA-SWAN__0.5__s2.json 28s (elapsed 1039s)
[115/275] sharp/TLA-SWAN__0.75__s1.json 29s (elapsed 1040s)
[116/275] sharp/TLA-SWAN__0.75__s0.json 29s (elapsed 1040s)
[117/275] sharp/TLA-SWAN__0.75__s2.json 28s (elapsed 1066s)
[118/275] sharp/TLA-SWAN__1__s0.json 29s (elapsed 1068s)
[119/275] sharp/TLA-SWAN__1__s2.json 28s (elapsed 1068s)
[120/275] sharp/TLA-SWAN__1__s1.json 29s (elapsed 1069s)
[169/275] sharp/TLA-SWAN__1.5__s0.json 29s (elapsed 1095s)
[170/275] sharp/TLA-SWAN__1.5__s1.json 28s (elapsed 1096s)
[171/275] sharp/TLA-SWAN__1.5__s2.json 29s (elapsed 1097s)
[172/275] cfg/SWAN-FULL-cfg__0__s0.json 36s (elapsed 1105s)
[173/275] cfg/SWAN-FULL-cfg__0__s1.json 37s (elapsed 1132s)
[174/275] cfg/SWAN-FULL-cfg__0__s3.json 37s (elapsed 1134s)
[175/275] cfg/SWAN-FULL-cfg__0__s2.json 37s (elapsed 1134s)
[176/275] cfg/SWAN-FULL-cfg__0.25__s0.json 38s (elapsed 1144s)
[177/275] cfg/SWAN-FULL-cfg__0.25__s1.json 39s (elapsed 1170s)
[178/275] cfg/SWAN-FULL-cfg__0.25__s3.json 38s (elapsed 1171s)
[179/275] cfg/SWAN-FULL-cfg__0.25__s2.json 38s (elapsed 1172s)
[180/275] cfg/SWAN-FULL-cfg__0.5__s0.json 39s (elapsed 1183s)
[181/275] cfg/SWAN-FULL-cfg__0.5__s3.json 37s (elapsed 1209s)
[182/275] cfg/SWAN-FULL-cfg__0.5__s1.json 39s (elapsed 1209s)
[183/275] cfg/SWAN-FULL-cfg__0.5__s2.json 39s (elapsed 1210s)
[184/275] cfg/SWAN-FULL-cfg__1__s0.json 37s (elapsed 1220s)
[185/275] cfg/SWAN-FULL-cfg__1__s1.json 38s (elapsed 1247s)
[186/275] cfg/SWAN-FULL-cfg__1__s2.json 38s (elapsed 1247s)
[187/275] cfg/SWAN-FULL-cfg__1__s3.json 37s (elapsed 1247s)
[188/275] cfg/SWAN-FULL-cfg__2__s0.json 38s (elapsed 1259s)
[189/275] cfg/SWAN-FULL-cfg__2__s1.json 38s (elapsed 1285s)
[190/275] cfg/SWAN-FULL-cfg__2__s2.json 38s (elapsed 1285s)
[191/275] cfg/SWAN-FULL-cfg__2__s3.json 37s (elapsed 1285s)
[192/275] cfg/SWAN-FULL-cfg__4__s0.json 38s (elapsed 1297s)
[193/275] mismatch/TLA-SWAN__0.25__s0.json 11s (elapsed 1307s)
[194/275] mismatch/TLA-SWAN__0.25__s1.json 10s (elapsed 1317s)
[195/275] cfg/SWAN-FULL-cfg__4__s2.json 38s (elapsed 1322s)
[196/275] cfg/SWAN-FULL-cfg__4__s1.json 39s (elapsed 1323s)
[197/275] cfg/SWAN-FULL-cfg__4__s3.json 38s (elapsed 1323s)
[198/275] mismatch/TLA-SWAN__0.25__s2.json 10s (elapsed 1327s)
[199/275] mismatch/TLA-SWAN__0.25__s3.json 10s (elapsed 1332s)
[200/275] mismatch/TLA-SWAN__0.25__s4.json 10s (elapsed 1333s)
[201/275] mismatch/TLA-SWAN__0.25__s5.json 10s (elapsed 1333s)
[202/275] mismatch/TLA-SWAN__0.25__s6.json 10s (elapsed 1337s)
[203/275] mismatch/TLA-SWAN__0.25__s7.json 9s (elapsed 1341s)
[204/275] mismatch/TLA-SWAN__0.25__s8.json 9s (elapsed 1342s)
[205/275] mismatch/TLA-SWAN__0.25__s9.json 10s (elapsed 1343s)
[206/275] mismatch/TLA-SWAN__0.25__s10.json 10s (elapsed 1346s)
[207/275] mismatch/TLA-SWAN__0.25__s11.json 10s (elapsed 1351s)
[208/275] mismatch/TLA-SWAN__0.25__s12.json 10s (elapsed 1352s)
[209/275] mismatch/TLA-SWAN__0.25__s13.json 10s (elapsed 1352s)
[210/275] mismatch/TLA-SWAN__0.25__s14.json 10s (elapsed 1356s)
[211/275] mismatch/TLA-SWAN__0.25__s15.json 9s (elapsed 1360s)
[212/275] mismatch/TLA-SWAN__0.5__s0.json 9s (elapsed 1361s)
[213/275] mismatch/TLA-SWAN__0.5__s1.json 9s (elapsed 1362s)
[214/275] mismatch/TLA-SWAN__0.5__s2.json 10s (elapsed 1366s)
[215/275] mismatch/TLA-SWAN__0.5__s3.json 9s (elapsed 1370s)
[216/275] mismatch/TLA-SWAN__0.5__s4.json 9s (elapsed 1371s)
[217/275] mismatch/TLA-SWAN__0.5__s5.json 9s (elapsed 1371s)
[218/275] mismatch/TLA-SWAN__0.5__s6.json 10s (elapsed 1376s)
[219/275] mismatch/TLA-SWAN__0.5__s7.json 10s (elapsed 1379s)
[220/275] mismatch/TLA-SWAN__0.5__s8.json 9s (elapsed 1380s)
[221/275] mismatch/TLA-SWAN__0.5__s9.json 10s (elapsed 1381s)
[222/275] mismatch/TLA-SWAN__0.5__s10.json 10s (elapsed 1385s)
[223/275] mismatch/TLA-SWAN__0.5__s11.json 10s (elapsed 1389s)
[224/275] mismatch/TLA-SWAN__0.5__s12.json 10s (elapsed 1390s)
[225/275] mismatch/TLA-SWAN__0.5__s13.json 9s (elapsed 1390s)
[226/275] mismatch/TLA-SWAN__0.5__s14.json 10s (elapsed 1395s)
[227/275] mismatch/TLA-SWAN__0.5__s15.json 10s (elapsed 1399s)
[228/275] mismatch/TLA-SWAN__1__s0.json 10s (elapsed 1399s)
[229/275] mismatch/TLA-SWAN__1__s1.json 10s (elapsed 1400s)
[230/275] mismatch/TLA-SWAN__1__s2.json 10s (elapsed 1405s)
[231/275] mismatch/TLA-SWAN__1__s3.json 10s (elapsed 1408s)
[232/275] mismatch/TLA-SWAN__1__s4.json 9s (elapsed 1409s)
[233/275] mismatch/TLA-SWAN__1__s5.json 10s (elapsed 1410s)
[234/275] mismatch/TLA-SWAN__1__s6.json 10s (elapsed 1415s)
[235/275] mismatch/TLA-SWAN__1__s8.json 9s (elapsed 1418s)
[236/275] mismatch/TLA-SWAN__1__s7.json 10s (elapsed 1418s)
[237/275] mismatch/TLA-SWAN__1__s9.json 10s (elapsed 1419s)
[238/275] mismatch/TLA-SWAN__1__s10.json 10s (elapsed 1425s)
[239/275] mismatch/TLA-SWAN__1__s11.json 10s (elapsed 1428s)
[240/275] mismatch/TLA-SWAN__1__s12.json 10s (elapsed 1428s)
[241/275] mismatch/TLA-SWAN__1__s13.json 10s (elapsed 1429s)
[242/275] mismatch/TLA-SWAN__1__s14.json 10s (elapsed 1434s)
[243/275] mismatch/TLA-SWAN__1__s15.json 10s (elapsed 1437s)
[244/275] mismatch/TLA-SWAN__2__s0.json 10s (elapsed 1438s)
[245/275] mismatch/TLA-SWAN__2__s1.json 9s (elapsed 1439s)
[246/275] mismatch/TLA-SWAN__2__s2.json 10s (elapsed 1444s)
[247/275] mismatch/TLA-SWAN__2__s3.json 9s (elapsed 1447s)
[248/275] mismatch/TLA-SWAN__2__s4.json 9s (elapsed 1447s)
[249/275] mismatch/TLA-SWAN__2__s5.json 9s (elapsed 1448s)
[250/275] mismatch/TLA-SWAN__2__s6.json 10s (elapsed 1454s)
[251/275] mismatch/TLA-SWAN__2__s8.json 9s (elapsed 1457s)
[252/275] mismatch/TLA-SWAN__2__s7.json 10s (elapsed 1457s)
[253/275] mismatch/TLA-SWAN__2__s9.json 10s (elapsed 1457s)
[254/275] mismatch/TLA-SWAN__2__s10.json 10s (elapsed 1464s)
[255/275] mismatch/TLA-SWAN__2__s12.json 9s (elapsed 1466s)
[256/275] mismatch/TLA-SWAN__2__s11.json 10s (elapsed 1466s)
[257/275] mismatch/TLA-SWAN__2__s13.json 10s (elapsed 1467s)
[258/275] mismatch/TLA-SWAN__2__s14.json 10s (elapsed 1474s)
[259/275] mismatch/TLA-SWAN__4__s0.json 9s (elapsed 1476s)
[260/275] mismatch/TLA-SWAN__2__s15.json 10s (elapsed 1476s)
[261/275] mismatch/TLA-SWAN__4__s1.json 10s (elapsed 1477s)
[262/275] mismatch/TLA-SWAN__4__s2.json 10s (elapsed 1483s)
[263/275] mismatch/TLA-SWAN__4__s3.json 9s (elapsed 1485s)
[264/275] mismatch/TLA-SWAN__4__s4.json 10s (elapsed 1486s)
[265/275] mismatch/TLA-SWAN__4__s5.json 10s (elapsed 1486s)
[266/275] mismatch/TLA-SWAN__4__s6.json 10s (elapsed 1493s)
[267/275] mismatch/TLA-SWAN__4__s8.json 9s (elapsed 1495s)
[268/275] mismatch/TLA-SWAN__4__s7.json 10s (elapsed 1495s)
[269/275] mismatch/TLA-SWAN__4__s9.json 10s (elapsed 1496s)
[270/275] mismatch/TLA-SWAN__4__s10.json 10s (elapsed 1503s)
[271/275] mismatch/TLA-SWAN__4__s12.json 9s (elapsed 1505s)
[272/275] mismatch/TLA-SWAN__4__s11.json 10s (elapsed 1505s)
[273/275] mismatch/TLA-SWAN__4__s13.json 9s (elapsed 1506s)
[274/275] mismatch/TLA-SWAN__4__s14.json 10s (elapsed 1513s)
[275/275] mismatch/TLA-SWAN__4__s15.json 9s (elapsed 1514s)
